  Determinando los proyectos que se van a restaurar...
  Todos los proyectos est├ín actualizados para la restauraci├│n.
  BibliotecaMovil.Shared -> C:\Users\emiab\source\repos\BibliotecaMovil\BibliotecaMovilFinal1\BibliotecaMovil.Shared\bin\Debug\net8.0\BibliotecaMovil.Shared.dll
C:\Program Files\dotnet\packs\Microsoft.Android.Sdk.Windows\34.0.154\tools\Xamarin.Android.Tooling.targets(70,5): warning : Se ha producido una excepci├│n al validar la instalaci├│n del SDK de Java en "C:\Program Files\Microsoft\jdk-11.0.16.101-hotspot\" que se ha encontrado al buscar las rutas desde "Windows Registry @ SOFTWARE\Microsoft\JDK". Aseg├║rese de que la secci├│n de Android de las opciones de Visual Studio tiene configurado un directorio de Java SDK v├ílido. Para utilizar una ruta de acceso al SDK personalizada para una compilaci├│n de l├¡nea de comandos, establezca la propiedad MSBuild 'JavaSdkDirectory' en la ruta personalizada. Excepci├│n: Not a directory (Parameter 'homePath') [C:\Users\emiab\source\repos\BibliotecaMovil\BibliotecaMovilFinal1\BibliotecaMovil\BibliotecaMovil.csproj::TargetFramework=net8.0-android]
  BibliotecaMovil.Server -> C:\Users\emiab\source\repos\BibliotecaMovil\BibliotecaMovilFinal1\BibliotecaMovil.Server\bin\Debug\net8.0\BibliotecaMovil.Server.dll
C:\Users\emiab\source\repos\BibliotecaMovil\BibliotecaMovilFinal1\BibliotecaMovil\Components\Pages\Registro.razor(85,47): error CS1061: "IUsuarioAuthService" no contiene una definici├│n para "RegisterAsync" ni un m├®todo de extensi├│n accesible "RegisterAsync" que acepte un primer argumento del tipo "IUsuarioAuthService" (┬┐falta alguna directiva using o una referencia de ensamblado?) [C:\Users\emiab\source\repos\BibliotecaMovil\BibliotecaMovilFinal1\BibliotecaMovil\BibliotecaMovil.csproj::TargetFramework=net8.0-windows10.0.19041.0]
C:\Users\emiab\source\repos\BibliotecaMovil\BibliotecaMovilFinal1\BibliotecaMovil\Components\Pages\Registro.razor(85,47): error CS1061: "IUsuarioAuthService" no contiene una definici├│n para "RegisterAsync" ni un m├®todo de extensi├│n accesible "RegisterAsync" que acepte un primer argumento del tipo "IUsuarioAuthService" (┬┐falta alguna directiva using o una referencia de ensamblado?) [C:\Users\emiab\source\repos\BibliotecaMovil\BibliotecaMovilFinal1\BibliotecaMovil\BibliotecaMovil.csproj::TargetFramework=net8.0-android]

ERROR al compilar.

C:\Program Files\dotnet\packs\Microsoft.Android.Sdk.Windows\34.0.154\tools\Xamarin.Android.Tooling.targets(70,5): warning : Se ha producido una excepci├│n al validar la instalaci├│n del SDK de Java en "C:\Program Files\Microsoft\jdk-11.0.16.101-hotspot\" que se ha encontrado al buscar las rutas desde "Windows Registry @ SOFTWARE\Microsoft\JDK". Aseg├║rese de que la secci├│n de Android de las opciones de Visual Studio tiene configurado un directorio de Java SDK v├ílido. Para utilizar una ruta de acceso al SDK personalizada para una compilaci├│n de l├¡nea de comandos, establezca la propiedad MSBuild 'JavaSdkDirectory' en la ruta personalizada. Excepci├│n: Not a directory (Parameter 'homePath') [C:\Users\emiab\source\repos\BibliotecaMovil\BibliotecaMovilFinal1\BibliotecaMovil\BibliotecaMovil.csproj::TargetFramework=net8.0-android]
C:\Users\emiab\source\repos\BibliotecaMovil\BibliotecaMovilFinal1\BibliotecaMovil\Components\Pages\Registro.razor(85,47): error CS1061: "IUsuarioAuthService" no contiene una definici├│n para "RegisterAsync" ni un m├®todo de extensi├│n accesible "RegisterAsync" que acepte un primer argumento del tipo "IUsuarioAuthService" (┬┐falta alguna directiva using o una referencia de ensamblado?) [C:\Users\emiab\source\repos\BibliotecaMovil\BibliotecaMovilFinal1\BibliotecaMovil\BibliotecaMovil.csproj::TargetFramework=net8.0-windows10.0.19041.0]
C:\Users\emiab\source\repos\BibliotecaMovil\BibliotecaMovilFinal1\BibliotecaMovil\Components\Pages\Registro.razor(85,47): error CS1061: "IUsuarioAuthService" no contiene una definici├│n para "RegisterAsync" ni un m├®todo de extensi├│n accesible "RegisterAsync" que acepte un primer argumento del tipo "IUsuarioAuthService" (┬┐falta alguna directiva using o una referencia de ensamblado?) [C:\Users\emiab\source\repos\BibliotecaMovil\BibliotecaMovilFinal1\BibliotecaMovil\BibliotecaMovil.csproj::TargetFramework=net8.0-android]
    1 Advertencia(s)
    2 Errores

Tiempo transcurrido 00:00:16.23

Hay actualizaciones de carga de trabajo disponibles. Ejecute "dotnet workload list" para obtener m├ís informaci├│n.
